WARNING: memory.v:18: $readmemh(programa.txt): Not enough words in the file for the requested range [0:1023].
VCD info: dumpfile saida.vcd opened for output.
Programa executado:
auipc x5, 5                     
sw x5, 16(x0)                   
nop                             
=== ERRO: Esperado 00005000 na mem√≥ria, obtido xxxxxxxx
tb.v:54: $finish called at 33000 (1ps)
